// Jest Snapshot v1, https://goo.gl/fbAQLP

exports[`SystemSettings Screen renders 1`] = `
<div
  className="screen is-active"
  data-screen-id="test"
>
  <div
    className="grommetux-header__container grommetux-header__container--fixed grommetux-header__container--fill"
  >
    <div
      className="grommetux-header__mirror"
    />
    <div
      className="grommetux-header__wrapper"
    >
      <div
        className="grommetux-box grommetux-box--direction-column grommetux-box--responsive grommetux-box--pad-none grommetux-box--flex-off"
        id={undefined}
        onClick={undefined}
        role={undefined}
        style={Object {}}
        tabIndex={undefined}
      >
        <header
          className="grommetux-box grommetux-box--direction-row grommetux-box--align-center grommetux-box--pad-horizontal-none grommetux-box--pad-vertical-none grommetux-box--pad-between-small grommetux-header"
          id={undefined}
          onClick={undefined}
          role={undefined}
          style={Object {}}
          tabIndex={undefined}
        >
          <button
            aria-label={undefined}
            className="grommetux-button grommetux-button--primary"
            disabled={false}
            href={undefined}
            onBlur={[Function]}
            onClick={[Function]}
            onFocus={[Function]}
            onMouseDown={[Function]}
            onMouseUp={[Function]}
            type="button"
          >
            <span
              className="grommetux-button__icon"
            >
              <svg
                aria-label="save"
                className="grommetux-control-icon grommetux-control-icon-save grommetux-control-icon--responsive"
                height="24px"
                role="img"
                version="1.1"
                viewBox="0 0 24 24"
                width="24px"
              >
                <path
                  d="M3,2 L3,21 L21,21 L21,3 L12,3 L12,14 M8,11 L12,15 L16,11"
                  fill="none"
                  stroke="#000000"
                  strokeWidth="2"
                />
              </svg>
            </span>
            <span
              className="grommetux-button__label"
            >
              Save
            </span>
          </button>
        </header>
      </div>
    </div>
  </div>
  <h1
    className="grommetux-heading"
  >
    title
  </h1>
  <div
    className="row"
  >
    <div
      className="col-sm-4 col-xs-12"
    >
      <div
        className="asset form-field"
      >
        <div
          className="grommetux-form-field grommetux-form-field--size-medium"
          onClick={[Function]}
        >
          <label
            className="grommetux-form-field__label"
            htmlFor={undefined}
          >
            Logo
          </label>
          <span
            className="grommetux-form-field__contents"
          >
            <div
              className="drop-zone"
              onClick={[Function]}
              onDragEnter={[Function]}
              onDragLeave={[Function]}
              onDragOver={[Function]}
              onDragStart={[Function]}
              onDrop={[Function]}
              style={Object {}}
            >
              <div>
                Drop a file here, or click to select one to upload.
              </div>
              <input
                accept={undefined}
                multiple={false}
                onChange={[Function]}
                style={
                  Object {
                    "display": "none",
                  }
                }
                type="file"
              />
            </div>
          </span>
        </div>
      </div>
    </div>
    <div
      className="col-sm-4 col-xs-12"
    >
      <div
        className="asset form-field"
      >
        <div
          className="grommetux-form-field grommetux-form-field--size-medium"
          onClick={[Function]}
        >
          <label
            className="grommetux-form-field__label"
            htmlFor={undefined}
          >
            Print Logo
          </label>
          <span
            className="grommetux-form-field__contents"
          >
            <div
              className="drop-zone"
              onClick={[Function]}
              onDragEnter={[Function]}
              onDragLeave={[Function]}
              onDragOver={[Function]}
              onDragStart={[Function]}
              onDrop={[Function]}
              style={Object {}}
            >
              <div>
                Drop a file here, or click to select one to upload.
              </div>
              <input
                accept={undefined}
                multiple={false}
                onChange={[Function]}
                style={
                  Object {
                    "display": "none",
                  }
                }
                type="file"
              />
            </div>
          </span>
        </div>
      </div>
    </div>
  </div>
</div>
`;
