// Jest Snapshot v1, https://goo.gl/fbAQLP

exports[`Network Activity Overlay matches snapshot 1`] = `
.c2 {
  height: 48px;
  width: auto;
  -webkit-animation: iVXCSc 0.7s linear infinite;
  animation: iVXCSc 0.7s linear infinite;
}

.c0 {
  font-family: 'Work Sans',Arial,sans-serif;
  font-size: 1em;
  line-height: 1.5;
  color: #333333;
  box-sizing: border-box;
  -webkit-text-size-adjust: 100%;
  -ms-text-size-adjust: 100%;
  -moz-osx-font-smoothing: grayscale;
  -webkit-font-smoothing: antialiased;
}

.c1 {
  position: absolute;
  z-index: 11;
  height: 100%;
  width: 100%;
  left: 0;
  right: 0;
  top: 0;
  bottom: 0;
  display: -webkit-box;
  display: -webkit-flex;
  display: -ms-flexbox;
  display: flex;
  -webkit-box-pack: center;
  -webkit-justify-content: center;
  -ms-flex-pack: center;
  justify-content: center;
  -webkit-align-items: center;
  -webkit-box-align: center;
  -ms-flex-align: center;
  align-items: center;
}

.c1 span {
  margin-left: 1rem;
}

.c1 .mask {
  background-color: white;
  top: 0;
  height: 100%;
  left: 0%;
  width: 100%;
  opacity: 0.8;
  position: absolute;
}

.c1.rounded .mask {
  border-radius: 8px;
}

.c1 .message {
  min-height: 65px;
  line-height: 3rem;
  border-width: 2px;
  border-color: #865CD6;
  border-style: solid;
  margin-left: auto;
  margin-right: auto;
  font-size: 2rem;
  position: relative;
  top: 25%;
  border-radius: 8px;
  padding: 10px;
  box-shadow: 6px 7px 5px #49516F;
  background-color: background-color:#865CD6;
  color: #FFFFFF;
  color: black;
  display: -webkit-box;
  display: -webkit-flex;
  display: -ms-flexbox;
  display: flex;
  -webkit-align-items: center;
  -webkit-box-align: center;
  -ms-flex-align: center;
  align-items: center;
  width: 80%;
}

<div
  className="c0"
>
  <div
    className="network-activity-overlay c1"
  >
    <div
      className="mask"
    >
      <div
        className="message"
      >
        <svg
          className="c2"
          size="large"
          viewBox="0 0 40 40"
          x="0px"
          y="0px"
        >
          <path
            d="M20.201,5.169c-8.254,0-14.946,6.692-14.946,14.946c0,8.255,6.692,14.946,14.946,14.946 s14.946-6.691,14.946-14.946C35.146,11.861,28.455,5.169,20.201,5.169z M20.201,31.749c-6.425,0-11.634-5.208-11.634-11.634 c0-6.425,5.209-11.634,11.634-11.634c6.425,0,11.633,5.209,11.633,11.634C31.834,26.541,26.626,31.749,20.201,31.749z"
            fill="#000"
            opacity="0.2"
          />
          <path
            className="dark"
            d="M26.013,10.047l1.654-2.866c-2.198-1.272-4.743-2.012-7.466-2.012h0v3.312h0 C22.32,8.481,24.301,9.057,26.013,10.047z"
            fill="#000"
          />
        </svg>
        <span>
          Deletingâ€¦
        </span>
      </div>
    </div>
  </div>
</div>
`;
